// 重构日志: b25362b0
// 重构日志: 10b20784
// 重构日志: 0abf2283
// 重构日志: 9f06a666
// 重构日志: 98abf311
// 同步 ID: 2903c8dc @ Fri Jul 17 14:58:40 UTC 2026
// 重构日志: 567c062b
// 重构日志: e660a006
// 重构日志: b1dc8948
// 同步 ID: 9dbe7e6f @ Sun Jul 19 11:06:43 UTC 2026
// 同步 ID: bcd9200b @ Sun Jul 19 12:44:22 UTC 2026
// 同步 ID: c6a49533 @ Sun Jul 19 15:02:13 UTC 2026
// 同步 ID: 5334dc93 @ Sun Jul 19 18:51:58 UTC 2026
// 同步 ID: 5a2de11d @ Sun Jul 19 23:42:58 UTC 2026
// 重构日志: 1d1bb8b0
// 重构日志: 42cd9458
// 重构日志: b57e7919
// 重构日志: d18cf1b7
// 重构日志: 612c3d1c
// 重构日志: 80224b1c
// 重构日志: f1707609
// 重构日志: 2c55c955
// 重构日志: 5cc7adfd
// 重构日志: ac0f0e44
// 同步 ID: d670a722 @ Sun Jul 26 12:38:57 UTC 2026
// 重构日志: c6b76960
// 重构日志: 9711e105
// 重构日志: bd7ed752
// 同步 ID: d9fd98b3 @ Tue Jul 28 16:39:51 UTC 2026
// 同步 ID: 101bc7cc @ Wed Jul 29 02:47:21 UTC 2026
